\BOOKMARK [0][-]{bm:c01_toc.0}{\376\377\000I\000n\000h\000a\000l\000t}{}% 1
\BOOKMARK [0][-]{bm:c02_toc.0}{\376\377\000I\000n\000h\000a\000l\000t\000\040\000\046\000\040\000L\000a\000n\000d\000k\000a\000r\000t\000e}{}% 2
\BOOKMARK [1][-]{bm:g01_wahrscheinlichkeit.1}{\376\377\000G\0001\000\040\000W\000a\000h\000r\000s\000c\000h\000e\000i\000n\000l\000i\000c\000h\000k\000e\000i\000t\000\040\000\046\000\040\000S\000t\000a\000t\000i\000s\000t\000i\000k}{bm:c02_toc.0}% 3
\BOOKMARK [1][-]{bm:g02_linalg.1}{\376\377\000G\0002\000\040\000L\000i\000n\000e\000a\000r\000e\000\040\000A\000l\000g\000e\000b\000r\000a}{bm:c02_toc.0}% 4
\BOOKMARK [1][-]{bm:g03_optimierung.1}{\376\377\000G\0003\000\040\000O\000p\000t\000i\000m\000i\000e\000r\000u\000n\000g}{bm:c02_toc.0}% 5
\BOOKMARK [1][-]{bm:p01_linreg.1}{\376\377\0001\000\040\000L\000i\000n\000e\000a\000r\000e\000\040\000R\000e\000g\000r\000e\000s\000s\000i\000o\000n}{bm:c02_toc.0}% 6
\BOOKMARK [2][-]{bm:v01_linreg.2}{\376\377\000+\000\040\000V\000e\000r\000t\000i\000e\000f\000u\000n\000g\000:\000\040\000L\000i\000n\000e\000a\000r\000e\000\040\000R\000e\000g\000r\000e\000s\000s\000i\000o\000n}{bm:p01_linreg.1}% 7
\BOOKMARK [1][-]{bm:p02_logreg.1}{\376\377\0002\000\040\000L\000o\000g\000i\000s\000t\000i\000s\000c\000h\000e\000\040\000R\000e\000g\000r\000e\000s\000s\000i\000o\000n}{bm:c02_toc.0}% 8
\BOOKMARK [1][-]{bm:p03_glm.1}{\376\377\0003\000\040\000G\000e\000n\000e\000r\000a\000l\000i\000s\000i\000e\000r\000t\000e\000\040\000L\000i\000n\000e\000a\000r\000e\000\040\000M\000o\000d\000e\000l\000l\000e}{bm:c02_toc.0}% 9
\BOOKMARK [2][-]{bm:v02_logreg_glm.2}{\376\377\000+\000\040\000V\000e\000r\000t\000i\000e\000f\000u\000n\000g\000:\000\040\000L\000o\000g\000i\000s\000t\000i\000s\000c\000h\000e\000\040\000R\000e\000g\000r\000e\000s\000s\000i\000o\000n\000\040\000\046\000\040\000G\000L\000M}{bm:p03_glm.1}% 10
\BOOKMARK [1][-]{bm:p04_generativ.1}{\376\377\0004\000\040\000G\000e\000n\000e\000r\000a\000t\000i\000v\000e\000\040\000M\000o\000d\000e\000l\000l\000e\000\040\000\050\000G\000D\000A\000,\000\040\000N\000B\000\051}{bm:c02_toc.0}% 11
\BOOKMARK [2][-]{bm:v03_generativ.2}{\376\377\000+\000\040\000V\000e\000r\000t\000i\000e\000f\000u\000n\000g\000:\000\040\000G\000e\000n\000e\000r\000a\000t\000i\000v\000e\000\040\000M\000o\000d\000e\000l\000l\000e}{bm:p04_generativ.1}% 12
\BOOKMARK [1][-]{bm:p05_kernel.1}{\376\377\0005\000\040\000K\000e\000r\000n\000e\000l\000-\000M\000e\000t\000h\000o\000d\000e\000n}{bm:c02_toc.0}% 13
\BOOKMARK [1][-]{bm:p06_svm.1}{\376\377\0006\000\040\000S\000u\000p\000p\000o\000r\000t\000\040\000V\000e\000c\000t\000o\000r\000\040\000M\000a\000c\000h\000i\000n\000e\000s}{bm:c02_toc.0}% 14
\BOOKMARK [2][-]{bm:v04_svm.2}{\376\377\000+\000\040\000V\000e\000r\000t\000i\000e\000f\000u\000n\000g\000:\000\040\000S\000u\000p\000p\000o\000r\000t\000\040\000V\000e\000c\000t\000o\000r\000\040\000M\000a\000c\000h\000i\000n\000e\000s}{bm:p06_svm.1}% 15
\BOOKMARK [2][-]{bm:v04b_svm_smo.2}{\376\377\000+\000\040\000V\000e\000r\000t\000i\000e\000f\000u\000n\000g\000:\000\040\000S\000V\000M\000\040\000i\000n\000\040\000d\000e\000r\000\040\000P\000r\000a\000x\000i\000s\000\040\000\050\000S\000M\000O\000,\000\040\000C\000o\000d\000e\000\051}{bm:p06_svm.1}% 16
\BOOKMARK [1][-]{bm:p07_perceptron.1}{\376\377\0007\000\040\000P\000e\000r\000c\000e\000p\000t\000r\000o\000n\000\040\000\046\000\040\000O\000n\000l\000i\000n\000e\000\040\000L\000e\000a\000r\000n\000i\000n\000g}{bm:c02_toc.0}% 17
\BOOKMARK [1][-]{bm:p30_knn.1}{\376\377\0008\000\040\000k\000-\000N\000e\000a\000r\000e\000s\000t\000\040\000N\000e\000i\000g\000h\000b\000o\000r\000s}{bm:c02_toc.0}% 18
\BOOKMARK [1][-]{bm:p08_trees.1}{\376\377\0009\000\040\000D\000e\000c\000i\000s\000i\000o\000n\000\040\000T\000r\000e\000e\000s}{bm:c02_toc.0}% 19
\BOOKMARK [1][-]{bm:p09_ensemble.1}{\376\377\0001\0000\000\040\000E\000n\000s\000e\000m\000b\000l\000e\000-\000M\000e\000t\000h\000o\000d\000e\000n}{bm:c02_toc.0}% 20
\BOOKMARK [2][-]{bm:v05_knn_trees_ens.2}{\376\377\000+\000\040\000V\000e\000r\000t\000i\000e\000f\000u\000n\000g\000:\000\040\000k\000-\000N\000N\000,\000\040\000B\000\344\000u\000m\000e\000\040\000\046\000\040\000E\000n\000s\000e\000m\000b\000l\000e\000s}{bm:p09_ensemble.1}% 21
\BOOKMARK [1][-]{bm:p10_loss.1}{\376\377\0001\0001\000\040\000V\000e\000r\000l\000u\000s\000t\000f\000u\000n\000k\000t\000i\000o\000n\000e\000n}{bm:c02_toc.0}% 22
\BOOKMARK [1][-]{bm:p11_nn.1}{\376\377\0001\0002\000\040\000N\000e\000u\000r\000o\000n\000a\000l\000e\000\040\000N\000e\000t\000z\000e}{bm:c02_toc.0}% 23
\BOOKMARK [1][-]{bm:p12_backprop.1}{\376\377\0001\0003\000\040\000B\000a\000c\000k\000p\000r\000o\000p\000a\000g\000a\000t\000i\000o\000n}{bm:c02_toc.0}% 24
\BOOKMARK [2][-]{bm:v06_backprop.2}{\376\377\000+\000\040\000V\000e\000r\000t\000i\000e\000f\000u\000n\000g\000:\000\040\000B\000a\000c\000k\000p\000r\000o\000p\000a\000g\000a\000t\000i\000o\000n}{bm:p12_backprop.1}% 25
\BOOKMARK [2][-]{bm:v06b_backprop_code.2}{\376\377\000+\000\040\000V\000e\000r\000t\000i\000e\000f\000u\000n\000g\000:\000\040\000B\000a\000c\000k\000p\000r\000o\000p\000a\000g\000a\000t\000i\000o\000n\000\040\000i\000n\000\040\000d\000e\000r\000\040\000P\000r\000a\000x\000i\000s}{bm:p12_backprop.1}% 26
\BOOKMARK [1][-]{bm:p36_dlpraxis.1}{\376\377\0001\0004\000\040\000D\000L\000-\000P\000r\000a\000x\000i\000s\000:\000\040\000T\000r\000a\000i\000n\000i\000n\000g}{bm:c02_toc.0}% 27
\BOOKMARK [1][-]{bm:p37_cnn_rnn.1}{\376\377\0001\0005\000\040\000C\000N\000N\000\040\000\046\000\040\000R\000N\000N\000\040\000/\000\040\000L\000S\000T\000M}{bm:c02_toc.0}% 28
\BOOKMARK [2][-]{bm:v07_dl_code.2}{\376\377\000+\000\040\000V\000e\000r\000t\000i\000e\000f\000u\000n\000g\000:\000\040\000D\000L\000-\000P\000r\000a\000x\000i\000s\000,\000\040\000C\000N\000N\000\040\000\046\000\040\000R\000N\000N}{bm:p37_cnn_rnn.1}% 29
\BOOKMARK [2][-]{bm:v07b_dl_lstm.2}{\376\377\000+\000\040\000V\000e\000r\000t\000i\000e\000f\000u\000n\000g\000:\000\040\000L\000S\000T\000M\000\040\000\046\000\040\000P\000a\000r\000a\000m\000e\000t\000e\000r\000z\000a\000h\000l\000e\000n}{bm:p37_cnn_rnn.1}% 30
\BOOKMARK [1][-]{bm:p25_foundation.1}{\376\377\0001\0006\000\040\000F\000o\000u\000n\000d\000a\000t\000i\000o\000n\000\040\000M\000o\000d\000e\000l\000s}{bm:c02_toc.0}% 31
\BOOKMARK [1][-]{bm:p13_biasvar.1}{\376\377\0001\0007\000\040\000B\000i\000a\000s\000\040\000\046\000\040\000V\000a\000r\000i\000a\000n\000z}{bm:c02_toc.0}% 32
\BOOKMARK [1][-]{bm:p14_lerntheorie.1}{\376\377\0001\0008\000\040\000L\000e\000r\000n\000t\000h\000e\000o\000r\000i\000e}{bm:c02_toc.0}% 33
\BOOKMARK [2][-]{bm:v08_theorie.2}{\376\377\000+\000\040\000V\000e\000r\000t\000i\000e\000f\000u\000n\000g\000:\000\040\000G\000e\000n\000e\000r\000a\000l\000i\000s\000i\000e\000r\000u\000n\000g\000\040\000\046\000\040\000L\000e\000r\000n\000t\000h\000e\000o\000r\000i\000e}{bm:p14_lerntheorie.1}% 34
\BOOKMARK [1][-]{bm:p15_regularisierung.1}{\376\377\0001\0009\000\040\000R\000e\000g\000u\000l\000a\000r\000i\000s\000i\000e\000r\000u\000n\000g}{bm:c02_toc.0}% 35
\BOOKMARK [2][-]{bm:v09_regularisierung.2}{\376\377\000+\000\040\000V\000e\000r\000t\000i\000e\000f\000u\000n\000g\000:\000\040\000R\000e\000g\000u\000l\000a\000r\000i\000s\000i\000e\000r\000u\000n\000g}{bm:p15_regularisierung.1}% 36
\BOOKMARK [1][-]{bm:p34_tuning.1}{\376\377\0002\0000\000\040\000V\000a\000l\000i\000d\000i\000e\000r\000u\000n\000g\000\040\000\046\000\040\000T\000u\000n\000i\000n\000g}{bm:c02_toc.0}% 37
\BOOKMARK [1][-]{bm:p16_gp.1}{\376\377\0002\0001\000\040\000G\000a\000u\000s\000s\000i\000a\000n\000\040\000P\000r\000o\000c\000e\000s\000s\000e\000s}{bm:c02_toc.0}% 38
\BOOKMARK [1][-]{bm:p17_fehleranalyse.1}{\376\377\0002\0002\000\040\000F\000e\000h\000l\000e\000r\000a\000n\000a\000l\000y\000s\000e}{bm:c02_toc.0}% 39
\BOOKMARK [1][-]{bm:p18_metriken.1}{\376\377\0002\0003\000\040\000K\000l\000a\000s\000s\000i\000f\000i\000k\000a\000t\000i\000o\000n\000s\000m\000e\000t\000r\000i\000k\000e\000n}{bm:c02_toc.0}% 40
\BOOKMARK [1][-]{bm:p32_regmetriken.1}{\376\377\0002\0004\000\040\000R\000e\000g\000r\000e\000s\000s\000i\000o\000n\000s\000m\000e\000t\000r\000i\000k\000e\000n}{bm:c02_toc.0}% 41
\BOOKMARK [2][-]{bm:v10_metriken.2}{\376\377\000+\000\040\000V\000e\000r\000t\000i\000e\000f\000u\000n\000g\000:\000\040\000K\000l\000a\000s\000s\000i\000f\000i\000k\000a\000t\000i\000o\000n\000s\000-\000\040\000\046\000\040\000R\000e\000g\000r\000e\000s\000s\000i\000o\000n\000s\000m\000e\000t\000r\000i\000k\000e\000n}{bm:p32_regmetriken.1}% 42
\BOOKMARK [1][-]{bm:p39_shap.1}{\376\377\0002\0005\000\040\000F\000e\000a\000t\000u\000r\000e\000\040\000I\000m\000p\000o\000r\000t\000a\000n\000c\000e\000\040\000\046\000\040\000S\000H\000A\000P}{bm:c02_toc.0}% 43
\BOOKMARK [2][-]{bm:p39b_shap_vertiefung.2}{\376\377\000+\000\040\000V\000e\000r\000t\000i\000e\000f\000u\000n\000g\000:\000\040\000S\000H\000A\000P\000-\000H\000e\000r\000l\000e\000i\000t\000u\000n\000g}{bm:p39_shap.1}% 44
\BOOKMARK [2][-]{bm:p39c_shap_code.2}{\376\377\000+\000\040\000V\000e\000r\000t\000i\000e\000f\000u\000n\000g\000:\000\040\000S\000H\000A\000P\000\040\000i\000n\000\040\000d\000e\000r\000\040\000P\000r\000a\000x\000i\000s}{bm:p39_shap.1}% 45
\BOOKMARK [1][-]{bm:p40_fairness.1}{\376\377\0002\0006\000\040\000F\000a\000i\000r\000n\000e\000s\000s\000-\000A\000n\000a\000l\000y\000s\000e}{bm:c02_toc.0}% 46
\BOOKMARK [2][-]{bm:p40b_fairness_vertiefung.2}{\376\377\000+\000\040\000V\000e\000r\000t\000i\000e\000f\000u\000n\000g\000:\000\040\000F\000a\000i\000r\000n\000e\000s\000s}{bm:p40_fairness.1}% 47
\BOOKMARK [2][-]{bm:p40c_fairness_code.2}{\376\377\000+\000\040\000V\000e\000r\000t\000i\000e\000f\000u\000n\000g\000:\000\040\000F\000a\000i\000r\000n\000e\000s\000s\000\040\000i\000n\000\040\000d\000e\000r\000\040\000P\000r\000a\000x\000i\000s}{bm:p40_fairness.1}% 48
\BOOKMARK [1][-]{bm:p33_features.1}{\376\377\0002\0007\000\040\000F\000e\000a\000t\000u\000r\000e\000\040\000E\000n\000g\000i\000n\000e\000e\000r\000i\000n\000g}{bm:c02_toc.0}% 49
\BOOKMARK [1][-]{bm:p35_workflow.1}{\376\377\0002\0008\000\040\000M\000L\000-\000W\000o\000r\000k\000f\000l\000o\000w}{bm:c02_toc.0}% 50
\BOOKMARK [2][-]{bm:v11_workflow_code.2}{\376\377\000+\000\040\000V\000e\000r\000t\000i\000e\000f\000u\000n\000g\000:\000\040\000F\000e\000a\000t\000u\000r\000e\000\040\000E\000n\000g\000i\000n\000e\000e\000r\000i\000n\000g\000,\000\040\000T\000u\000n\000i\000n\000g\000\040\000\046\000\040\000W\000o\000r\000k\000f\000l\000o\000w}{bm:p35_workflow.1}% 51
\BOOKMARK [1][-]{bm:p19_kmeans.1}{\376\377\0002\0009\000\040\000K\000-\000M\000e\000a\000n\000s}{bm:c02_toc.0}% 52
\BOOKMARK [1][-]{bm:p31_hierarchisch.1}{\376\377\0003\0000\000\040\000H\000i\000e\000r\000a\000r\000c\000h\000i\000s\000c\000h\000e\000s\000\040\000C\000l\000u\000s\000t\000e\000r\000i\000n\000g}{bm:c02_toc.0}% 53
\BOOKMARK [2][-]{bm:v12_clustering.2}{\376\377\000+\000\040\000V\000e\000r\000t\000i\000e\000f\000u\000n\000g\000:\000\040\000K\000-\000M\000e\000a\000n\000s\000\040\000\046\000\040\000C\000l\000u\000s\000t\000e\000r\000i\000n\000g}{bm:p31_hierarchisch.1}% 54
\BOOKMARK [1][-]{bm:p20_em.1}{\376\377\0003\0001\000\040\000E\000M\000-\000A\000l\000g\000o\000r\000i\000t\000h\000m\000u\000s}{bm:c02_toc.0}% 55
\BOOKMARK [2][-]{bm:v13_em.2}{\376\377\000+\000\040\000V\000e\000r\000t\000i\000e\000f\000u\000n\000g\000:\000\040\000E\000M\000-\000A\000l\000g\000o\000r\000i\000t\000h\000m\000u\000s}{bm:p20_em.1}% 56
\BOOKMARK [1][-]{bm:p21_fa.1}{\376\377\0003\0002\000\040\000F\000a\000k\000t\000o\000r\000e\000n\000a\000n\000a\000l\000y\000s\000e}{bm:c02_toc.0}% 57
\BOOKMARK [1][-]{bm:p22_hmm.1}{\376\377\0003\0003\000\040\000H\000i\000d\000d\000e\000n\000\040\000M\000a\000r\000k\000o\000v\000\040\000M\000o\000d\000e\000l\000s}{bm:c02_toc.0}% 58
\BOOKMARK [1][-]{bm:p23_pca.1}{\376\377\0003\0004\000\040\000P\000C\000A}{bm:c02_toc.0}% 59
\BOOKMARK [1][-]{bm:p24_ica.1}{\376\377\0003\0005\000\040\000I\000C\000A}{bm:c02_toc.0}% 60
\BOOKMARK [2][-]{bm:v14_pca_ica.2}{\376\377\000+\000\040\000V\000e\000r\000t\000i\000e\000f\000u\000n\000g\000:\000\040\000P\000C\000A\000\040\000\046\000\040\000I\000C\000A}{bm:p24_ica.1}% 61
\BOOKMARK [1][-]{bm:p38_vae_gan.1}{\376\377\0003\0006\000\040\000G\000e\000n\000e\000r\000a\000t\000i\000v\000e\000\040\000M\000o\000d\000e\000l\000l\000e\000:\000\040\000V\000A\000E\000,\000\040\000G\000A\000N}{bm:c02_toc.0}% 62
\BOOKMARK [2][-]{bm:v15_vae_gan.2}{\376\377\000+\000\040\000V\000e\000r\000t\000i\000e\000f\000u\000n\000g\000:\000\040\000V\000A\000E\000\040\000\046\000\040\000G\000A\000N}{bm:p38_vae_gan.1}% 63
\BOOKMARK [1][-]{bm:p26_kritik.1}{\376\377\0003\0007\000\040\000K\000r\000i\000t\000i\000s\000c\000h\000e\000\040\000P\000e\000r\000s\000p\000e\000k\000t\000i\000v\000e\000n}{bm:c02_toc.0}% 64
\BOOKMARK [1][-]{bm:p27_mdp.1}{\376\377\0003\0008\000\040\000M\000D\000P\000s\000\040\000\046\000\040\000V\000a\000l\000u\000e\000\040\000I\000t\000e\000r\000a\000t\000i\000o\000n}{bm:c02_toc.0}% 65
\BOOKMARK [1][-]{bm:p28_lqr.1}{\376\377\0003\0009\000\040\000L\000Q\000R\000,\000\040\000D\000D\000P\000\040\000\046\000\040\000L\000Q\000G}{bm:c02_toc.0}% 66
\BOOKMARK [1][-]{bm:p29_policygradient.1}{\376\377\0004\0000\000\040\000P\000o\000l\000i\000c\000y\000\040\000G\000r\000a\000d\000i\000e\000n\000t}{bm:c02_toc.0}% 67
\BOOKMARK [2][-]{bm:v16_rl.2}{\376\377\000+\000\040\000V\000e\000r\000t\000i\000e\000f\000u\000n\000g\000:\000\040\000B\000e\000s\000t\000\344\000r\000k\000e\000n\000d\000e\000s\000\040\000L\000e\000r\000n\000e\000n}{bm:p29_policygradient.1}% 68
\BOOKMARK [2][-]{bm:v16b_rl_lqr.2}{\376\377\000+\000\040\000V\000e\000r\000t\000i\000e\000f\000u\000n\000g\000:\000\040\000L\000Q\000R\000-\000R\000i\000c\000c\000a\000t\000i\000\040\000\046\000\040\000T\000r\000i\000c\000k\000s}{bm:p29_policygradient.1}% 69
\BOOKMARK [1][-]{bm:s01_algotabelle.1}{\376\377\000S\0001\000\040\000A\000l\000g\000o\000r\000i\000t\000h\000m\000e\000n\000-\000T\000a\000b\000e\000l\000l\000e}{bm:c02_toc.0}% 70
\BOOKMARK [1][-]{bm:s02_formeln.1}{\376\377\000S\0002\000\040\000F\000o\000r\000m\000e\000l\000-\000S\000p\000i\000c\000k\000z\000e\000t\000t\000e\000l}{bm:c02_toc.0}% 71
