\BOOKMARK [0][-]{bm:c01_toc.0}{\376\377\000I\000n\000h\000a\000l\000t}{}% 1
\BOOKMARK [0][-]{bm:c02_toc.0}{\376\377\000I\000n\000h\000a\000l\000t\000\040\000\046\000\040\000L\000a\000n\000d\000k\000a\000r\000t\000e}{}% 2
\BOOKMARK [1][-]{bm:g01_wahrscheinlichkeit.1}{\376\377\000G\0001\000\040\000W\000a\000h\000r\000s\000c\000h\000e\000i\000n\000l\000i\000c\000h\000k\000e\000i\000t\000\040\000\046\000\040\000S\000t\000a\000t\000i\000s\000t\000i\000k}{bm:c02_toc.0}% 3
\BOOKMARK [1][-]{bm:g02_linalg.1}{\376\377\000G\0002\000\040\000L\000i\000n\000e\000a\000r\000e\000\040\000A\000l\000g\000e\000b\000r\000a}{bm:c02_toc.0}% 4
\BOOKMARK [1][-]{bm:g03_optimierung.1}{\376\377\000G\0003\000\040\000O\000p\000t\000i\000m\000i\000e\000r\000u\000n\000g}{bm:c02_toc.0}% 5
\BOOKMARK [1][-]{bm:p01_linreg.1}{\376\377\0001\000\040\000L\000i\000n\000e\000a\000r\000e\000\040\000R\000e\000g\000r\000e\000s\000s\000i\000o\000n}{bm:c02_toc.0}% 6
\BOOKMARK [1][-]{bm:p02_logreg.1}{\376\377\0002\000\040\000L\000o\000g\000i\000s\000t\000i\000s\000c\000h\000e\000\040\000R\000e\000g\000r\000e\000s\000s\000i\000o\000n}{bm:c02_toc.0}% 7
\BOOKMARK [1][-]{bm:p03_glm.1}{\376\377\0003\000\040\000G\000e\000n\000e\000r\000a\000l\000i\000s\000i\000e\000r\000t\000e\000\040\000L\000i\000n\000e\000a\000r\000e\000\040\000M\000o\000d\000e\000l\000l\000e}{bm:c02_toc.0}% 8
\BOOKMARK [1][-]{bm:p04_generativ.1}{\376\377\0004\000\040\000G\000e\000n\000e\000r\000a\000t\000i\000v\000e\000\040\000M\000o\000d\000e\000l\000l\000e\000\040\000\050\000G\000D\000A\000,\000\040\000N\000B\000\051}{bm:c02_toc.0}% 9
\BOOKMARK [1][-]{bm:p05_kernel.1}{\376\377\0005\000\040\000K\000e\000r\000n\000e\000l\000-\000M\000e\000t\000h\000o\000d\000e\000n}{bm:c02_toc.0}% 10
\BOOKMARK [1][-]{bm:p06_svm.1}{\376\377\0006\000\040\000S\000u\000p\000p\000o\000r\000t\000\040\000V\000e\000c\000t\000o\000r\000\040\000M\000a\000c\000h\000i\000n\000e\000s}{bm:c02_toc.0}% 11
\BOOKMARK [1][-]{bm:p07_perceptron.1}{\376\377\0007\000\040\000P\000e\000r\000c\000e\000p\000t\000r\000o\000n\000\040\000\046\000\040\000O\000n\000l\000i\000n\000e\000\040\000L\000e\000a\000r\000n\000i\000n\000g}{bm:c02_toc.0}% 12
\BOOKMARK [1][-]{bm:p30_knn.1}{\376\377\0008\000\040\000k\000-\000N\000e\000a\000r\000e\000s\000t\000\040\000N\000e\000i\000g\000h\000b\000o\000r\000s}{bm:c02_toc.0}% 13
\BOOKMARK [1][-]{bm:p08_trees.1}{\376\377\0009\000\040\000D\000e\000c\000i\000s\000i\000o\000n\000\040\000T\000r\000e\000e\000s}{bm:c02_toc.0}% 14
\BOOKMARK [1][-]{bm:p09_ensemble.1}{\376\377\0001\0000\000\040\000E\000n\000s\000e\000m\000b\000l\000e\000-\000M\000e\000t\000h\000o\000d\000e\000n}{bm:c02_toc.0}% 15
\BOOKMARK [1][-]{bm:p10_loss.1}{\376\377\0001\0001\000\040\000V\000e\000r\000l\000u\000s\000t\000f\000u\000n\000k\000t\000i\000o\000n\000e\000n}{bm:c02_toc.0}% 16
\BOOKMARK [1][-]{bm:p11_nn.1}{\376\377\0001\0002\000\040\000N\000e\000u\000r\000o\000n\000a\000l\000e\000\040\000N\000e\000t\000z\000e}{bm:c02_toc.0}% 17
\BOOKMARK [1][-]{bm:p12_backprop.1}{\376\377\0001\0003\000\040\000B\000a\000c\000k\000p\000r\000o\000p\000a\000g\000a\000t\000i\000o\000n}{bm:c02_toc.0}% 18
\BOOKMARK [1][-]{bm:p36_dlpraxis.1}{\376\377\0001\0004\000\040\000D\000L\000-\000P\000r\000a\000x\000i\000s\000:\000\040\000T\000r\000a\000i\000n\000i\000n\000g}{bm:c02_toc.0}% 19
\BOOKMARK [1][-]{bm:p37_cnn_rnn.1}{\376\377\0001\0005\000\040\000C\000N\000N\000\040\000\046\000\040\000R\000N\000N\000\040\000/\000\040\000L\000S\000T\000M}{bm:c02_toc.0}% 20
\BOOKMARK [1][-]{bm:p25_foundation.1}{\376\377\0001\0006\000\040\000F\000o\000u\000n\000d\000a\000t\000i\000o\000n\000\040\000M\000o\000d\000e\000l\000s}{bm:c02_toc.0}% 21
\BOOKMARK [1][-]{bm:p13_biasvar.1}{\376\377\0001\0007\000\040\000B\000i\000a\000s\000\040\000\046\000\040\000V\000a\000r\000i\000a\000n\000z}{bm:c02_toc.0}% 22
\BOOKMARK [1][-]{bm:p14_lerntheorie.1}{\376\377\0001\0008\000\040\000L\000e\000r\000n\000t\000h\000e\000o\000r\000i\000e}{bm:c02_toc.0}% 23
\BOOKMARK [1][-]{bm:p15_regularisierung.1}{\376\377\0001\0009\000\040\000R\000e\000g\000u\000l\000a\000r\000i\000s\000i\000e\000r\000u\000n\000g}{bm:c02_toc.0}% 24
\BOOKMARK [1][-]{bm:p34_tuning.1}{\376\377\0002\0000\000\040\000V\000a\000l\000i\000d\000i\000e\000r\000u\000n\000g\000\040\000\046\000\040\000T\000u\000n\000i\000n\000g}{bm:c02_toc.0}% 25
\BOOKMARK [1][-]{bm:p16_gp.1}{\376\377\0002\0001\000\040\000G\000a\000u\000s\000s\000i\000a\000n\000\040\000P\000r\000o\000c\000e\000s\000s\000e\000s}{bm:c02_toc.0}% 26
\BOOKMARK [1][-]{bm:p17_fehleranalyse.1}{\376\377\0002\0002\000\040\000F\000e\000h\000l\000e\000r\000a\000n\000a\000l\000y\000s\000e}{bm:c02_toc.0}% 27
\BOOKMARK [1][-]{bm:p18_metriken.1}{\376\377\0002\0003\000\040\000K\000l\000a\000s\000s\000i\000f\000i\000k\000a\000t\000i\000o\000n\000s\000m\000e\000t\000r\000i\000k\000e\000n}{bm:c02_toc.0}% 28
\BOOKMARK [1][-]{bm:p32_regmetriken.1}{\376\377\0002\0004\000\040\000R\000e\000g\000r\000e\000s\000s\000i\000o\000n\000s\000m\000e\000t\000r\000i\000k\000e\000n}{bm:c02_toc.0}% 29
\BOOKMARK [1][-]{bm:p39_shap.1}{\376\377\0002\0005\000\040\000F\000e\000a\000t\000u\000r\000e\000\040\000I\000m\000p\000o\000r\000t\000a\000n\000c\000e\000\040\000\046\000\040\000S\000H\000A\000P}{bm:c02_toc.0}% 30
\BOOKMARK [1][-]{bm:p40_fairness.1}{\376\377\0002\0006\000\040\000F\000a\000i\000r\000n\000e\000s\000s\000-\000A\000n\000a\000l\000y\000s\000e}{bm:c02_toc.0}% 31
\BOOKMARK [1][-]{bm:p33_features.1}{\376\377\0002\0007\000\040\000F\000e\000a\000t\000u\000r\000e\000\040\000E\000n\000g\000i\000n\000e\000e\000r\000i\000n\000g}{bm:c02_toc.0}% 32
\BOOKMARK [1][-]{bm:p35_workflow.1}{\376\377\0002\0008\000\040\000M\000L\000-\000W\000o\000r\000k\000f\000l\000o\000w}{bm:c02_toc.0}% 33
\BOOKMARK [1][-]{bm:p19_kmeans.1}{\376\377\0002\0009\000\040\000K\000-\000M\000e\000a\000n\000s}{bm:c02_toc.0}% 34
\BOOKMARK [1][-]{bm:p31_hierarchisch.1}{\376\377\0003\0000\000\040\000H\000i\000e\000r\000a\000r\000c\000h\000i\000s\000c\000h\000e\000s\000\040\000C\000l\000u\000s\000t\000e\000r\000i\000n\000g}{bm:c02_toc.0}% 35
\BOOKMARK [1][-]{bm:p20_em.1}{\376\377\0003\0001\000\040\000E\000M\000-\000A\000l\000g\000o\000r\000i\000t\000h\000m\000u\000s}{bm:c02_toc.0}% 36
\BOOKMARK [1][-]{bm:p21_fa.1}{\376\377\0003\0002\000\040\000F\000a\000k\000t\000o\000r\000e\000n\000a\000n\000a\000l\000y\000s\000e}{bm:c02_toc.0}% 37
\BOOKMARK [1][-]{bm:p22_hmm.1}{\376\377\0003\0003\000\040\000H\000i\000d\000d\000e\000n\000\040\000M\000a\000r\000k\000o\000v\000\040\000M\000o\000d\000e\000l\000s}{bm:c02_toc.0}% 38
\BOOKMARK [1][-]{bm:p23_pca.1}{\376\377\0003\0004\000\040\000P\000C\000A}{bm:c02_toc.0}% 39
\BOOKMARK [1][-]{bm:p24_ica.1}{\376\377\0003\0005\000\040\000I\000C\000A}{bm:c02_toc.0}% 40
\BOOKMARK [1][-]{bm:p38_vae_gan.1}{\376\377\0003\0006\000\040\000G\000e\000n\000e\000r\000a\000t\000i\000v\000e\000\040\000M\000o\000d\000e\000l\000l\000e\000:\000\040\000V\000A\000E\000,\000\040\000G\000A\000N}{bm:c02_toc.0}% 41
\BOOKMARK [1][-]{bm:p26_kritik.1}{\376\377\0003\0007\000\040\000K\000r\000i\000t\000i\000s\000c\000h\000e\000\040\000P\000e\000r\000s\000p\000e\000k\000t\000i\000v\000e\000n}{bm:c02_toc.0}% 42
\BOOKMARK [1][-]{bm:p27_mdp.1}{\376\377\0003\0008\000\040\000M\000D\000P\000s\000\040\000\046\000\040\000V\000a\000l\000u\000e\000\040\000I\000t\000e\000r\000a\000t\000i\000o\000n}{bm:c02_toc.0}% 43
\BOOKMARK [1][-]{bm:p28_lqr.1}{\376\377\0003\0009\000\040\000L\000Q\000R\000,\000\040\000D\000D\000P\000\040\000\046\000\040\000L\000Q\000G}{bm:c02_toc.0}% 44
\BOOKMARK [1][-]{bm:p29_policygradient.1}{\376\377\0004\0000\000\040\000P\000o\000l\000i\000c\000y\000\040\000G\000r\000a\000d\000i\000e\000n\000t}{bm:c02_toc.0}% 45
\BOOKMARK [1][-]{bm:s01_algotabelle.1}{\376\377\000S\0001\000\040\000A\000l\000g\000o\000r\000i\000t\000h\000m\000e\000n\000-\000T\000a\000b\000e\000l\000l\000e}{bm:c02_toc.0}% 46
\BOOKMARK [1][-]{bm:s02_formeln.1}{\376\377\000S\0002\000\040\000F\000o\000r\000m\000e\000l\000-\000S\000p\000i\000c\000k\000z\000e\000t\000t\000e\000l}{bm:c02_toc.0}% 47
