\BOOKMARK [0][-]{part.1}{\376\377\000I\000\040\000\334\000b\000e\000r\000w\000a\000c\000h\000t\000e\000s\000\040\000L\000e\000r\000n\000e\000n}{}% 1
\BOOKMARK [1][-]{section.1}{\376\377\000L\000i\000n\000e\000a\000r\000e\000\040\000R\000e\000g\000r\000e\000s\000s\000i\000o\000n}{part.1}% 2
\BOOKMARK [2][-]{subsection.1.1}{\376\377\000A\000u\000f\000g\000a\000b\000e\000n\000s\000t\000e\000l\000l\000u\000n\000g}{section.1}% 3
\BOOKMARK [2][-]{subsection.1.2}{\376\377\000K\000o\000s\000t\000e\000n\000f\000u\000n\000k\000t\000i\000o\000n\000\040\000u\000n\000d\000\040\000G\000r\000a\000d\000i\000e\000n\000t\000e\000n\000v\000e\000r\000f\000a\000h\000r\000e\000n}{section.1}% 4
\BOOKMARK [2][-]{subsection.1.3}{\376\377\000N\000o\000r\000m\000a\000l\000g\000l\000e\000i\000c\000h\000u\000n\000g\000e\000n\000\040\000\050\000G\000e\000s\000c\000h\000l\000o\000s\000s\000e\000n\000e\000\040\000L\000\366\000s\000u\000n\000g\000\051}{section.1}% 5
\BOOKMARK [2][-]{subsection.1.4}{\376\377\000P\000r\000o\000b\000a\000b\000i\000l\000i\000s\000t\000i\000s\000c\000h\000e\000\040\000I\000n\000t\000e\000r\000p\000r\000e\000t\000a\000t\000i\000o\000n}{section.1}% 6
\BOOKMARK [2][-]{subsection.1.5}{\376\377\000L\000o\000k\000a\000l\000\040\000g\000e\000w\000i\000c\000h\000t\000e\000t\000e\000\040\000l\000i\000n\000e\000a\000r\000e\000\040\000R\000e\000g\000r\000e\000s\000s\000i\000o\000n}{section.1}% 7
\BOOKMARK [1][-]{section.2}{\376\377\000K\000l\000a\000s\000s\000i\000f\000i\000k\000a\000t\000i\000o\000n\000\040\000u\000n\000d\000\040\000L\000o\000g\000i\000s\000t\000i\000s\000c\000h\000e\000\040\000R\000e\000g\000r\000e\000s\000s\000i\000o\000n}{part.1}% 8
\BOOKMARK [2][-]{subsection.2.1}{\376\377\000L\000o\000g\000i\000s\000t\000i\000s\000c\000h\000e\000\040\000R\000e\000g\000r\000e\000s\000s\000i\000o\000n}{section.2}% 9
\BOOKMARK [2][-]{subsection.2.2}{\376\377\000N\000e\000w\000t\000o\000n\000-\000V\000e\000r\000f\000a\000h\000r\000e\000n\000\040\000\050\000F\000i\000s\000h\000e\000r\000\040\000S\000c\000o\000r\000i\000n\000g\000\051}{section.2}% 10
\BOOKMARK [2][-]{subsection.2.3}{\376\377\000M\000e\000h\000r\000k\000l\000a\000s\000s\000e\000n\000-\000K\000l\000a\000s\000s\000i\000f\000i\000k\000a\000t\000i\000o\000n\000\040\000u\000n\000d\000\040\000S\000o\000f\000t\000m\000a\000x}{section.2}% 11
\BOOKMARK [1][-]{section.3}{\376\377\000G\000e\000n\000e\000r\000a\000l\000i\000s\000i\000e\000r\000t\000e\000\040\000L\000i\000n\000e\000a\000r\000e\000\040\000M\000o\000d\000e\000l\000l\000e\000\040\000\050\000G\000L\000M\000s\000\051}{part.1}% 12
\BOOKMARK [2][-]{subsection.3.1}{\376\377\000D\000i\000e\000\040\000E\000x\000p\000o\000n\000e\000n\000t\000i\000a\000l\000f\000a\000m\000i\000l\000i\000e}{section.3}% 13
\BOOKMARK [2][-]{subsection.3.2}{\376\377\000G\000L\000M\000-\000K\000o\000n\000s\000t\000r\000u\000k\000t\000i\000o\000n}{section.3}% 14
\BOOKMARK [1][-]{section.4}{\376\377\000G\000e\000n\000e\000r\000a\000t\000i\000v\000e\000\040\000L\000e\000r\000n\000a\000l\000g\000o\000r\000i\000t\000h\000m\000e\000n}{part.1}% 15
\BOOKMARK [2][-]{subsection.4.1}{\376\377\000D\000i\000s\000k\000r\000i\000m\000i\000n\000a\000t\000i\000v\000\040\000v\000s\000.\000\040\000G\000e\000n\000e\000r\000a\000t\000i\000v}{section.4}% 16
\BOOKMARK [2][-]{subsection.4.2}{\376\377\000G\000a\000u\000s\000s\000i\000a\000n\000\040\000D\000i\000s\000c\000r\000i\000m\000i\000n\000a\000n\000t\000\040\000A\000n\000a\000l\000y\000s\000i\000s\000\040\000\050\000G\000D\000A\000\051}{section.4}% 17
\BOOKMARK [2][-]{subsection.4.3}{\376\377\000N\000a\000i\000v\000e\000\040\000B\000a\000y\000e\000s}{section.4}% 18
\BOOKMARK [1][-]{section.5}{\376\377\000K\000e\000r\000n\000e\000l\000-\000M\000e\000t\000h\000o\000d\000e\000n}{part.1}% 19
\BOOKMARK [2][-]{subsection.5.1}{\376\377\000F\000e\000a\000t\000u\000r\000e\000\040\000M\000a\000p\000s\000\040\000u\000n\000d\000\040\000d\000a\000s\000\040\000K\000e\000r\000n\000e\000l\000-\000T\000r\000i\000c\000k}{section.5}% 20
\BOOKMARK [2][-]{subsection.5.2}{\376\377\000W\000i\000c\000h\000t\000i\000g\000e\000\040\000K\000e\000r\000n\000e\000l\000s}{section.5}% 21
\BOOKMARK [2][-]{subsection.5.3}{\376\377\000M\000e\000r\000c\000e\000r\000s\000\040\000S\000a\000t\000z}{section.5}% 22
\BOOKMARK [2][-]{subsection.5.4}{\376\377\000R\000e\000p\000r\000e\000s\000e\000n\000t\000e\000r\000-\000T\000h\000e\000o\000r\000e\000m}{section.5}% 23
\BOOKMARK [1][-]{section.6}{\376\377\000S\000u\000p\000p\000o\000r\000t\000\040\000V\000e\000c\000t\000o\000r\000\040\000M\000a\000c\000h\000i\000n\000e\000s\000\040\000\050\000S\000V\000M\000s\000\051}{part.1}% 24
\BOOKMARK [2][-]{subsection.6.1}{\376\377\000M\000a\000r\000g\000i\000n\000s\000\040\000u\000n\000d\000\040\000I\000n\000t\000u\000i\000t\000i\000o\000n}{section.6}% 25
\BOOKMARK [2][-]{subsection.6.2}{\376\377\000P\000r\000i\000m\000a\000l\000-\000P\000r\000o\000b\000l\000e\000m\000\040\000\050\000l\000i\000n\000e\000a\000r\000\040\000t\000r\000e\000n\000n\000b\000a\000r\000\051}{section.6}% 26
\BOOKMARK [2][-]{subsection.6.3}{\376\377\000L\000a\000g\000r\000a\000n\000g\000e\000-\000D\000u\000a\000l\000i\000t\000\344\000t\000\040\000u\000n\000d\000\040\000D\000u\000a\000l\000-\000F\000o\000r\000m}{section.6}% 27
\BOOKMARK [2][-]{subsection.6.4}{\376\377\000S\000o\000f\000t\000-\000M\000a\000r\000g\000i\000n\000\040\000S\000V\000M\000\040\000\050\000n\000i\000c\000h\000t\000-\000t\000r\000e\000n\000n\000b\000a\000r\000e\000r\000\040\000F\000a\000l\000l\000\051}{section.6}% 28
\BOOKMARK [2][-]{subsection.6.5}{\376\377\000S\000M\000O\000-\000A\000l\000g\000o\000r\000i\000t\000h\000m\000u\000s}{section.6}% 29
\BOOKMARK [1][-]{section.7}{\376\377\000P\000e\000r\000c\000e\000p\000t\000r\000o\000n\000\040\000u\000n\000d\000\040\000O\000n\000l\000i\000n\000e\000\040\000L\000e\000a\000r\000n\000i\000n\000g}{part.1}% 30
\BOOKMARK [2][-]{subsection.7.1}{\376\377\000O\000n\000l\000i\000n\000e\000\040\000L\000e\000a\000r\000n\000i\000n\000g}{section.7}% 31
\BOOKMARK [2][-]{subsection.7.2}{\376\377\000D\000e\000r\000\040\000P\000e\000r\000c\000e\000p\000t\000r\000o\000n\000-\000A\000l\000g\000o\000r\000i\000t\000h\000m\000u\000s}{section.7}% 32
\BOOKMARK [2][-]{subsection.7.3}{\376\377\000M\000i\000s\000t\000a\000k\000e\000-\000B\000o\000u\000n\000d\000-\000T\000h\000e\000o\000r\000e\000m}{section.7}% 33
\BOOKMARK [1][-]{section.8}{\376\377\000D\000e\000c\000i\000s\000i\000o\000n\000\040\000T\000r\000e\000e\000s}{part.1}% 34
\BOOKMARK [2][-]{subsection.8.1}{\376\377\000N\000i\000c\000h\000t\000l\000i\000n\000e\000a\000r\000e\000,\000\040\000r\000e\000g\000i\000o\000n\000s\000b\000a\000s\000i\000e\000r\000t\000e\000\040\000K\000l\000a\000s\000s\000i\000f\000i\000k\000a\000t\000i\000o\000n}{section.8}% 35
\BOOKMARK [2][-]{subsection.8.2}{\376\377\000R\000e\000k\000u\000r\000s\000i\000v\000e\000\040\000P\000a\000r\000t\000i\000t\000i\000o\000n\000i\000e\000r\000u\000n\000g}{section.8}% 36
\BOOKMARK [2][-]{subsection.8.3}{\376\377\000V\000e\000r\000l\000u\000s\000t\000f\000u\000n\000k\000t\000i\000o\000n\000e\000n\000\040\000f\000\374\000r\000\040\000S\000p\000l\000i\000t\000s}{section.8}% 37
\BOOKMARK [2][-]{subsection.8.4}{\376\377\000R\000e\000g\000u\000l\000a\000r\000i\000s\000i\000e\000r\000u\000n\000g\000\040\000u\000n\000d\000\040\000E\000i\000g\000e\000n\000s\000c\000h\000a\000f\000t\000e\000n}{section.8}% 38
\BOOKMARK [1][-]{section.9}{\376\377\000E\000n\000s\000e\000m\000b\000l\000e\000-\000M\000e\000t\000h\000o\000d\000e\000n}{part.1}% 39
\BOOKMARK [2][-]{subsection.9.1}{\376\377\000V\000a\000r\000i\000a\000n\000z\000r\000e\000d\000u\000k\000t\000i\000o\000n\000\040\000d\000u\000r\000c\000h\000\040\000M\000i\000t\000t\000e\000l\000u\000n\000g}{section.9}% 40
\BOOKMARK [2][-]{subsection.9.2}{\376\377\000B\000a\000g\000g\000i\000n\000g\000\040\000\050\000B\000o\000o\000t\000s\000t\000r\000a\000p\000\040\000A\000g\000g\000r\000e\000g\000a\000t\000i\000o\000n\000\051}{section.9}% 41
\BOOKMARK [2][-]{subsection.9.3}{\376\377\000B\000o\000o\000s\000t\000i\000n\000g}{section.9}% 42
\BOOKMARK [2][-]{subsection.9.4}{\376\377\000F\000o\000r\000w\000a\000r\000d\000\040\000S\000t\000a\000g\000e\000w\000i\000s\000e\000\040\000A\000d\000d\000i\000t\000i\000v\000e\000\040\000M\000o\000d\000e\000l\000i\000n\000g}{section.9}% 43
\BOOKMARK [1][-]{section.10}{\376\377\000V\000e\000r\000l\000u\000s\000t\000f\000u\000n\000k\000t\000i\000o\000n\000e\000n\000:\000\040\000K\000o\000n\000v\000e\000x\000e\000\040\000E\000r\000s\000a\000t\000z\000v\000e\000r\000l\000u\000s\000t\000e}{part.1}% 44
\BOOKMARK [2][-]{subsection.10.1}{\376\377\000M\000a\000r\000g\000i\000n\000-\000b\000a\000s\000i\000e\000r\000t\000e\000\040\000V\000e\000r\000l\000u\000s\000t\000f\000u\000n\000k\000t\000i\000o\000n\000e\000n}{section.10}% 45
\BOOKMARK [0][-]{part.2}{\376\377\000I\000I\000\040\000D\000e\000e\000p\000\040\000L\000e\000a\000r\000n\000i\000n\000g}{}% 46
\BOOKMARK [1][-]{section.11}{\376\377\000D\000e\000e\000p\000\040\000L\000e\000a\000r\000n\000i\000n\000g}{part.2}% 47
\BOOKMARK [2][-]{subsection.11.1}{\376\377\000N\000i\000c\000h\000t\000l\000i\000n\000e\000a\000r\000e\000\040\000M\000o\000d\000e\000l\000l\000e\000\040\000u\000n\000d\000\040\000n\000e\000u\000r\000o\000n\000a\000l\000e\000\040\000N\000e\000t\000z\000e}{section.11}% 48
\BOOKMARK [2][-]{subsection.11.2}{\376\377\000A\000k\000t\000i\000v\000i\000e\000r\000u\000n\000g\000s\000f\000u\000n\000k\000t\000i\000o\000n\000e\000n}{section.11}% 49
\BOOKMARK [2][-]{subsection.11.3}{\376\377\000M\000o\000d\000e\000r\000n\000e\000\040\000A\000r\000c\000h\000i\000t\000e\000k\000t\000u\000r\000b\000a\000u\000s\000t\000e\000i\000n\000e}{section.11}% 50
\BOOKMARK [2][-]{subsection.11.4}{\376\377\000B\000a\000c\000k\000p\000r\000o\000p\000a\000g\000a\000t\000i\000o\000n}{section.11}% 51
\BOOKMARK [2][-]{subsection.11.5}{\376\377\000O\000p\000t\000i\000m\000i\000e\000r\000u\000n\000g\000s\000v\000e\000r\000f\000a\000h\000r\000e\000n}{section.11}% 52
\BOOKMARK [0][-]{part.3}{\376\377\000I\000I\000I\000\040\000G\000e\000n\000e\000r\000a\000l\000i\000s\000i\000e\000r\000u\000n\000g\000\040\000u\000n\000d\000\040\000R\000e\000g\000u\000l\000a\000r\000i\000s\000i\000e\000r\000u\000n\000g}{}% 53
\BOOKMARK [1][-]{section.12}{\376\377\000G\000e\000n\000e\000r\000a\000l\000i\000s\000i\000e\000r\000u\000n\000g}{part.3}% 54
\BOOKMARK [2][-]{subsection.12.1}{\376\377\000T\000r\000a\000i\000n\000i\000n\000g\000s\000-\000\040\000u\000n\000d\000\040\000T\000e\000s\000t\000f\000e\000h\000l\000e\000r}{section.12}% 55
\BOOKMARK [2][-]{subsection.12.2}{\376\377\000B\000i\000a\000s\000-\000V\000a\000r\000i\000a\000n\000z\000-\000Z\000e\000r\000l\000e\000g\000u\000n\000g}{section.12}% 56
\BOOKMARK [2][-]{subsection.12.3}{\376\377\000D\000o\000u\000b\000l\000e\000\040\000D\000e\000s\000c\000e\000n\000t}{section.12}% 57
\BOOKMARK [2][-]{subsection.12.4}{\376\377\000K\000o\000n\000z\000e\000n\000t\000r\000a\000t\000i\000o\000n\000s\000u\000n\000g\000l\000e\000i\000c\000h\000u\000n\000g\000e\000n}{section.12}% 58
\BOOKMARK [2][-]{subsection.12.5}{\376\377\000S\000t\000i\000c\000h\000p\000r\000o\000b\000e\000n\000k\000o\000m\000p\000l\000e\000x\000i\000t\000\344\000t}{section.12}% 59
\BOOKMARK [1][-]{section.13}{\376\377\000R\000e\000g\000u\000l\000a\000r\000i\000s\000i\000e\000r\000u\000n\000g\000\040\000u\000n\000d\000\040\000M\000o\000d\000e\000l\000l\000a\000u\000s\000w\000a\000h\000l}{part.3}% 60
\BOOKMARK [2][-]{subsection.13.1}{\376\377\000R\000e\000g\000u\000l\000a\000r\000i\000s\000i\000e\000r\000u\000n\000g}{section.13}% 61
\BOOKMARK [2][-]{subsection.13.2}{\376\377\000B\000a\000y\000e\000s\000i\000a\000n\000i\000s\000c\000h\000e\000\040\000I\000n\000t\000e\000r\000p\000r\000e\000t\000a\000t\000i\000o\000n}{section.13}% 62
\BOOKMARK [2][-]{subsection.13.3}{\376\377\000I\000m\000p\000l\000i\000z\000i\000t\000e\000\040\000R\000e\000g\000u\000l\000a\000r\000i\000s\000i\000e\000r\000u\000n\000g}{section.13}% 63
\BOOKMARK [2][-]{subsection.13.4}{\376\377\000K\000r\000e\000u\000z\000v\000a\000l\000i\000d\000i\000e\000r\000u\000n\000g\000\040\000\050\000C\000r\000o\000s\000s\000-\000V\000a\000l\000i\000d\000a\000t\000i\000o\000n\000\051}{section.13}% 64
\BOOKMARK [1][-]{section.14}{\376\377\000G\000a\000u\000s\000s\000i\000a\000n\000\040\000P\000r\000o\000c\000e\000s\000s\000e\000s}{part.3}% 65
\BOOKMARK [2][-]{subsection.14.1}{\376\377\000B\000a\000y\000e\000s\000s\000c\000h\000e\000\040\000S\000i\000c\000h\000t\000w\000e\000i\000s\000e\000\040\000a\000u\000f\000\040\000R\000e\000g\000r\000e\000s\000s\000i\000o\000n}{section.14}% 66
\BOOKMARK [2][-]{subsection.14.2}{\376\377\000V\000e\000r\000t\000e\000i\000l\000u\000n\000g\000e\000n\000\040\000\374\000b\000e\000r\000\040\000F\000u\000n\000k\000t\000i\000o\000n\000e\000n}{section.14}% 67
\BOOKMARK [2][-]{subsection.14.3}{\376\377\000G\000P\000-\000R\000e\000g\000r\000e\000s\000s\000i\000o\000n\000:\000\040\000V\000o\000r\000h\000e\000r\000s\000a\000g\000e}{section.14}% 68
\BOOKMARK [1][-]{section.15}{\376\377\000P\000r\000a\000k\000t\000i\000s\000c\000h\000e\000\040\000F\000e\000h\000l\000e\000r\000a\000n\000a\000l\000y\000s\000e}{part.3}% 69
\BOOKMARK [2][-]{subsection.15.1}{\376\377\000F\000e\000h\000l\000e\000r\000a\000n\000a\000l\000y\000s\000e\000\040\000\050\000E\000r\000r\000o\000r\000\040\000A\000n\000a\000l\000y\000s\000i\000s\000\051}{section.15}% 70
\BOOKMARK [2][-]{subsection.15.2}{\376\377\000A\000b\000l\000a\000t\000i\000v\000e\000\040\000A\000n\000a\000l\000y\000s\000e}{section.15}% 71
\BOOKMARK [2][-]{subsection.15.3}{\376\377\000F\000e\000h\000l\000e\000r\000\040\000m\000a\000n\000u\000e\000l\000l\000\040\000a\000n\000a\000l\000y\000s\000i\000e\000r\000e\000n}{section.15}% 72
\BOOKMARK [2][-]{subsection.15.4}{\376\377\000B\000i\000a\000s\000-\000V\000a\000r\000i\000a\000n\000z\000-\000D\000i\000a\000g\000n\000o\000s\000t\000i\000k\000\040\000v\000i\000a\000\040\000L\000e\000r\000n\000k\000u\000r\000v\000e\000n}{section.15}% 73
\BOOKMARK [2][-]{subsection.15.5}{\376\377\000D\000i\000a\000g\000n\000o\000s\000t\000i\000k\000:\000\040\000O\000p\000t\000i\000m\000i\000e\000r\000u\000n\000g\000s\000a\000l\000g\000o\000r\000i\000t\000h\000m\000u\000s\000\040\000v\000s\000.\000\040\000O\000p\000t\000i\000m\000i\000e\000r\000u\000n\000g\000s\000z\000i\000e\000l}{section.15}% 74
\BOOKMARK [1][-]{section.16}{\376\377\000E\000v\000a\000l\000u\000a\000t\000i\000o\000n\000s\000m\000e\000t\000r\000i\000k\000e\000n\000\040\000f\000\374\000r\000\040\000K\000l\000a\000s\000s\000i\000f\000i\000k\000a\000t\000i\000o\000n}{part.3}% 75
\BOOKMARK [2][-]{subsection.16.1}{\376\377\000W\000a\000r\000u\000m\000\040\000G\000e\000n\000a\000u\000i\000g\000k\000e\000i\000t\000\040\000o\000f\000t\000\040\000n\000i\000c\000h\000t\000\040\000g\000e\000n\000\374\000g\000t}{section.16}% 76
\BOOKMARK [2][-]{subsection.16.2}{\376\377\000K\000o\000n\000f\000u\000s\000i\000o\000n\000s\000m\000a\000t\000r\000i\000x\000\040\000u\000n\000d\000\040\000P\000u\000n\000k\000t\000-\000M\000e\000t\000r\000i\000k\000e\000n}{section.16}% 77
\BOOKMARK [2][-]{subsection.16.3}{\376\377\000S\000u\000m\000m\000a\000r\000y\000-\000M\000e\000t\000r\000i\000k\000e\000n\000:\000\040\000R\000O\000C\000-\000\040\000u\000n\000d\000\040\000P\000R\000-\000K\000u\000r\000v\000e\000n}{section.16}% 78
\BOOKMARK [0][-]{part.4}{\376\377\000I\000V\000\040\000U\000n\000\374\000b\000e\000r\000w\000a\000c\000h\000t\000e\000s\000\040\000L\000e\000r\000n\000e\000n}{}% 79
\BOOKMARK [1][-]{section.17}{\376\377\000K\000-\000M\000e\000a\000n\000s\000-\000C\000l\000u\000s\000t\000e\000r\000i\000n\000g}{part.4}% 80
\BOOKMARK [1][-]{section.18}{\376\377\000E\000M\000-\000A\000l\000g\000o\000r\000i\000t\000h\000m\000u\000s}{part.4}% 81
\BOOKMARK [2][-]{subsection.18.1}{\376\377\000M\000i\000x\000t\000u\000r\000e\000\040\000o\000f\000\040\000G\000a\000u\000s\000s\000i\000a\000n\000s\000\040\000\050\000M\000o\000G\000\051}{section.18}% 82
\BOOKMARK [2][-]{subsection.18.2}{\376\377\000J\000e\000n\000s\000e\000n\000s\000\040\000U\000n\000g\000l\000e\000i\000c\000h\000u\000n\000g}{section.18}% 83
\BOOKMARK [2][-]{subsection.18.3}{\376\377\000A\000l\000l\000g\000e\000m\000e\000i\000n\000e\000r\000\040\000E\000M\000-\000A\000l\000g\000o\000r\000i\000t\000h\000m\000u\000s}{section.18}% 84
\BOOKMARK [2][-]{subsection.18.4}{\376\377\000E\000M\000\040\000f\000\374\000r\000\040\000G\000a\000u\000\337\000-\000G\000e\000m\000i\000s\000c\000h\000e}{section.18}% 85
\BOOKMARK [1][-]{section.19}{\376\377\000F\000a\000k\000t\000o\000r\000e\000n\000a\000n\000a\000l\000y\000s\000e}{part.4}% 86
\BOOKMARK [2][-]{subsection.19.1}{\376\377\000M\000o\000t\000i\000v\000a\000t\000i\000o\000n\000:\000\040\000W\000e\000n\000n\000\040\000n\000\040\000m}{section.19}% 87
\BOOKMARK [2][-]{subsection.19.2}{\376\377\000D\000a\000s\000\040\000M\000o\000d\000e\000l\000l}{section.19}% 88
\BOOKMARK [2][-]{subsection.19.3}{\376\377\000E\000M\000\040\000f\000\374\000r\000\040\000F\000a\000k\000t\000o\000r\000e\000n\000a\000n\000a\000l\000y\000s\000e}{section.19}% 89
\BOOKMARK [1][-]{section.20}{\376\377\000H\000i\000d\000d\000e\000n\000\040\000M\000a\000r\000k\000o\000v\000\040\000M\000o\000d\000e\000l\000s}{part.4}% 90
\BOOKMARK [2][-]{subsection.20.1}{\376\377\000M\000a\000r\000k\000o\000v\000-\000M\000o\000d\000e\000l\000l\000e}{section.20}% 91
\BOOKMARK [2][-]{subsection.20.2}{\376\377\000H\000i\000d\000d\000e\000n\000\040\000M\000a\000r\000k\000o\000v\000\040\000M\000o\000d\000e\000l\000s\000:\000\040\000D\000r\000e\000i\000\040\000F\000r\000a\000g\000e\000n}{section.20}% 92
\BOOKMARK [2][-]{subsection.20.3}{\376\377\000F\000o\000r\000w\000a\000r\000d\000-\000P\000r\000o\000z\000e\000d\000u\000r\000\040\000\050\000F\000r\000a\000g\000e\000\040\0001\000\051}{section.20}% 93
\BOOKMARK [2][-]{subsection.20.4}{\376\377\000V\000i\000t\000e\000r\000b\000i\000-\000A\000l\000g\000o\000r\000i\000t\000h\000m\000u\000s\000\040\000\050\000F\000r\000a\000g\000e\000\040\0002\000\051}{section.20}% 94
\BOOKMARK [2][-]{subsection.20.5}{\376\377\000B\000a\000u\000m\000-\000W\000e\000l\000c\000h\000-\000A\000l\000g\000o\000r\000i\000t\000h\000m\000u\000s\000\040\000\050\000F\000r\000a\000g\000e\000\040\0003\000\051}{section.20}% 95
\BOOKMARK [1][-]{section.21}{\376\377\000H\000a\000u\000p\000t\000k\000o\000m\000p\000o\000n\000e\000n\000t\000e\000n\000a\000n\000a\000l\000y\000s\000e\000\040\000\050\000P\000C\000A\000\051}{part.4}% 96
\BOOKMARK [1][-]{section.22}{\376\377\000U\000n\000a\000b\000h\000\344\000n\000g\000i\000g\000e\000\040\000K\000o\000m\000p\000o\000n\000e\000n\000t\000e\000n\000a\000n\000a\000l\000y\000s\000e\000\040\000\050\000I\000C\000A\000\051}{part.4}% 97
\BOOKMARK [2][-]{subsection.22.1}{\376\377\000I\000C\000A\000-\000A\000m\000b\000i\000g\000u\000i\000t\000\344\000t\000e\000n}{section.22}% 98
\BOOKMARK [2][-]{subsection.22.2}{\376\377\000I\000C\000A\000-\000A\000l\000g\000o\000r\000i\000t\000h\000m\000u\000s}{section.22}% 99
\BOOKMARK [1][-]{section.23}{\376\377\000S\000e\000l\000b\000s\000t\000\374\000b\000e\000r\000w\000a\000c\000h\000t\000e\000s\000\040\000L\000e\000r\000n\000e\000n\000\040\000u\000n\000d\000\040\000F\000o\000u\000n\000d\000a\000t\000i\000o\000n\000\040\000M\000o\000d\000e\000l\000s}{part.4}% 100
\BOOKMARK [2][-]{subsection.23.1}{\376\377\000M\000o\000t\000i\000v\000a\000t\000i\000o\000n}{section.23}% 101
\BOOKMARK [2][-]{subsection.23.2}{\376\377\000P\000r\000e\000t\000r\000a\000i\000n\000i\000n\000g\000\040\000i\000n\000\040\000C\000o\000m\000p\000u\000t\000e\000r\000\040\000V\000i\000s\000i\000o\000n}{section.23}% 102
\BOOKMARK [2][-]{subsection.23.3}{\376\377\000L\000a\000r\000g\000e\000\040\000L\000a\000n\000g\000u\000a\000g\000e\000\040\000M\000o\000d\000e\000l\000s\000\040\000u\000n\000d\000\040\000T\000r\000a\000n\000s\000f\000o\000r\000m\000e\000r}{section.23}% 103
\BOOKMARK [1][-]{section.24}{\376\377\000K\000r\000i\000t\000i\000s\000c\000h\000e\000\040\000P\000e\000r\000s\000p\000e\000k\000t\000i\000v\000e\000n\000\040\000a\000u\000f\000\040\000M\000L}{part.4}% 104
\BOOKMARK [2][-]{subsection.24.1}{\376\377\000A\000d\000v\000e\000r\000s\000a\000r\000i\000a\000l\000\040\000E\000x\000a\000m\000p\000l\000e\000s}{section.24}% 105
\BOOKMARK [2][-]{subsection.24.2}{\376\377\000I\000n\000t\000e\000r\000p\000r\000e\000t\000i\000e\000r\000b\000a\000r\000k\000e\000i\000t}{section.24}% 106
\BOOKMARK [2][-]{subsection.24.3}{\376\377\000K\000o\000s\000t\000e\000n\000\040\000u\000n\000d\000\040\000g\000e\000s\000e\000l\000l\000s\000c\000h\000a\000f\000t\000l\000i\000c\000h\000e\000\040\000A\000s\000p\000e\000k\000t\000e}{section.24}% 107
\BOOKMARK [0][-]{part.5}{\376\377\000V\000\040\000B\000e\000s\000t\000\344\000r\000k\000e\000n\000d\000e\000s\000\040\000L\000e\000r\000n\000e\000n}{}% 108
\BOOKMARK [1][-]{section.25}{\376\377\000B\000e\000s\000t\000\344\000r\000k\000e\000n\000d\000e\000s\000\040\000L\000e\000r\000n\000e\000n}{part.5}% 109
\BOOKMARK [2][-]{subsection.25.1}{\376\377\000M\000a\000r\000k\000o\000v\000-\000E\000n\000t\000s\000c\000h\000e\000i\000d\000u\000n\000g\000s\000p\000r\000o\000z\000e\000s\000s\000e}{section.25}% 110
\BOOKMARK [2][-]{subsection.25.2}{\376\377\000B\000e\000l\000l\000m\000a\000n\000-\000G\000l\000e\000i\000c\000h\000u\000n\000g\000e\000n}{section.25}% 111
\BOOKMARK [2][-]{subsection.25.3}{\376\377\000V\000a\000l\000u\000e\000\040\000I\000t\000e\000r\000a\000t\000i\000o\000n\000\040\000u\000n\000d\000\040\000P\000o\000l\000i\000c\000y\000\040\000I\000t\000e\000r\000a\000t\000i\000o\000n}{section.25}% 112
\BOOKMARK [2][-]{subsection.25.4}{\376\377\000W\000e\000r\000t\000f\000u\000n\000k\000t\000i\000o\000n\000s\000-\000A\000p\000p\000r\000o\000x\000i\000m\000a\000t\000i\000o\000n\000\040\000\050\000k\000o\000n\000t\000i\000n\000u\000i\000e\000r\000l\000i\000c\000h\000e\000\040\000Z\000u\000s\000t\000\344\000n\000d\000e\000\051}{section.25}% 113
\BOOKMARK [1][-]{section.26}{\376\377\000L\000i\000n\000e\000a\000r\000e\000\040\000Q\000u\000a\000d\000r\000a\000t\000i\000s\000c\000h\000e\000\040\000R\000e\000g\000e\000l\000u\000n\000g\000,\000\040\000D\000D\000P\000\040\000u\000n\000d\000\040\000L\000Q\000G}{part.5}% 114
\BOOKMARK [2][-]{subsection.26.1}{\376\377\000L\000i\000n\000e\000a\000r\000e\000\040\000Q\000u\000a\000d\000r\000a\000t\000i\000s\000c\000h\000e\000\040\000R\000e\000g\000e\000l\000u\000n\000g\000\040\000\050\000L\000Q\000R\000\051}{section.26}% 115
\BOOKMARK [2][-]{subsection.26.2}{\376\377\000D\000i\000f\000f\000e\000r\000e\000n\000t\000i\000a\000l\000\040\000D\000y\000n\000a\000m\000i\000c\000\040\000P\000r\000o\000g\000r\000a\000m\000m\000i\000n\000g\000\040\000\050\000D\000D\000P\000\051}{section.26}% 116
\BOOKMARK [2][-]{subsection.26.3}{\376\377\000L\000i\000n\000e\000a\000r\000e\000s\000\040\000Q\000u\000a\000d\000r\000a\000t\000i\000s\000c\000h\000e\000s\000\040\000G\000a\000u\000\337\000-\000M\000o\000d\000e\000l\000l\000\040\000\050\000L\000Q\000G\000\051}{section.26}% 117
\BOOKMARK [1][-]{section.27}{\376\377\000P\000o\000l\000i\000c\000y\000\040\000G\000r\000a\000d\000i\000e\000n\000t\000\040\000\050\000R\000E\000I\000N\000F\000O\000R\000C\000E\000\051}{part.5}% 118
\BOOKMARK [2][-]{subsection.27.1}{\376\377\000D\000i\000r\000e\000k\000t\000e\000\040\000P\000o\000l\000i\000c\000y\000-\000P\000a\000r\000a\000m\000e\000t\000r\000i\000s\000i\000e\000r\000u\000n\000g}{section.27}% 119
\BOOKMARK [2][-]{subsection.27.2}{\376\377\000P\000o\000l\000i\000c\000y\000-\000G\000r\000a\000d\000i\000e\000n\000t\000-\000T\000h\000e\000o\000r\000e\000m}{section.27}% 120
\BOOKMARK [2][-]{subsection.27.3}{\376\377\000R\000E\000I\000N\000F\000O\000R\000C\000E\000-\000A\000l\000g\000o\000r\000i\000t\000h\000m\000u\000s}{section.27}% 121
\BOOKMARK [2][-]{subsection.27.4}{\376\377\000V\000a\000r\000i\000a\000n\000z\000r\000e\000d\000u\000k\000t\000i\000o\000n}{section.27}% 122
\BOOKMARK [1][-]{section*.9}{\376\377\000S\000c\000h\000l\000u\000s\000s\000:\000\040\000Z\000u\000s\000a\000m\000m\000e\000n\000f\000a\000s\000s\000u\000n\000g\000\040\000d\000e\000r\000\040\000S\000c\000h\000l\000\374\000s\000s\000e\000l\000k\000o\000n\000z\000e\000p\000t\000e}{part.5}% 123
